###############################################################################
#
# IAR ELF Linker V8.50.9.278/W32 for ARM                  09/May/2021  13:10:31
# Copyright 2007-2020 IAR Systems AB.
#
#    Output file  =
#        E:\IIITDM DOCUMENTS\sem 6\Embedded
#        Systems\Lab\Project\Debug\Exe\project.out
#    Map file     =
#        E:\IIITDM DOCUMENTS\sem 6\Embedded
#        Systems\Lab\Project\Debug\List\project.map
#    Command line =
#        -f C:\Users\KIRANT~1\AppData\Local\Temp\EW4D2D.tmp ("E:\IIITDM
#        DOCUMENTS\sem 6\Embedded Systems\Lab\Project\Debug\Obj\main.o"
#        --no_out_extension -o "E:\IIITDM DOCUMENTS\sem 6\Embedded
#        Systems\Lab\Project\Debug\Exe\project.out" --redirect
#        _Printf=_PrintfFullNoMb --redirect _Scanf=_ScanfFullNoMb --map
#        "E:\IIITDM DOCUMENTS\sem 6\Embedded
#        Systems\Lab\Project\Debug\List\project.map" --config "E:\IIITDM
#        DOCUMENTS\IAR ARM
#        Workbench\arm\config\linker\TexasInstruments\TM4C123GH6.icf"
#        --semihosting --entry __iar_program_start --vfe --text_out locale)
#
###############################################################################

*******************************************************************************
*** RUNTIME MODEL ATTRIBUTES
***

CppFlavor       = *
__SystemLibrary = DLib
__dlib_version  = 6


*******************************************************************************
*** HEAP SELECTION
***

The basic heap was selected because some modules are built with
size limitations (and not runtime checking), and --advanced_heap
was not specified.


*******************************************************************************
*** PLACEMENT SUMMARY
***

"A0":  place at address 0x0 { ro section .intvec };
"P1":  place in [from 0x0 to 0x3'ffff] { ro };
define block CSTACK with size = 4K, alignment = 8 { };
define block HEAP with size = 8K, alignment = 8 { };
"P2":  place in [from 0x2000'0000 to 0x2000'7fff] {
          rw, block CSTACK, block HEAP };

  Section          Kind         Address    Size  Object
  -------          ----         -------    ----  ------
"A0":                                      0x40
  .intvec          ro code          0x0    0x40  vector_table_M.o [4]
                                 - 0x40    0x40

"P1":                                     0x3e8
  .text            ro code         0x40   0x2bc  main.o [1]
  .text            ro code        0x2fc    0x3a  zero_init3.o [4]
  .text            ro code        0x336     0x2  vector_table_M.o [4]
  .text            ro code        0x338    0x28  data_init.o [4]
  .text            ro code        0x360    0x22  fpinit_M.o [3]
  .iar.init_table  const          0x384    0x10  - Linker created -
  .rodata          const          0x394    0x20  main.o [1]
  .text            ro code        0x3b4    0x1e  cmain.o [4]
  .text            ro code        0x3d2     0x4  low_level_init.o [2]
  .text            ro code        0x3d6     0x4  exit.o [2]
  .text            ro code        0x3dc     0xa  cexit.o [4]
  .text            ro code        0x3e8    0x14  exit.o [5]
  .text            ro code        0x3fc    0x1c  cstartup_M.o [4]
  .rodata          const          0x418    0x10  main.o [1]
  .rodata          const          0x428     0x0  zero_init3.o [4]
                                - 0x428   0x3e8

"P2", part 1 of 2:                          0x4
  .bss             zero     0x2000'0000     0x2  main.o [1]
  .bss             zero     0x2000'0002     0x1  main.o [1]
                          - 0x2000'0003     0x3

"P2", part 2 of 2:                       0x1000
  CSTACK                    0x2000'0008  0x1000  <Block>
    CSTACK         uninit   0x2000'0008  0x1000  <Block tail>
                          - 0x2000'1008  0x1000

Unused ranges:

         From           To      Size
         ----           --      ----
        0x428     0x3'ffff  0x3'fbd8
  0x2000'0004  0x2000'0007       0x4
  0x2000'1008  0x2000'7fff    0x6ff8


*******************************************************************************
*** INIT TABLE
***

          Address      Size
          -------      ----
Zero (__iar_zero_init3)
    1 destination range, total size 0x3:
          0x2000'0000   0x3



*******************************************************************************
*** MODULE SUMMARY
***

    Module            ro code  ro data  rw data
    ------            -------  -------  -------
command line/config:
    -------------------------------------------
    Total:

E:\IIITDM DOCUMENTS\sem 6\Embedded Systems\Lab\Project\Debug\Obj: [1]
    main.o                700       48        3
    -------------------------------------------
    Total:                700       48        3

dl7M_tln.a: [2]
    exit.o                  4
    low_level_init.o        4
    -------------------------------------------
    Total:                  8

m7M_tls.a: [3]
    fpinit_M.o             34
    -------------------------------------------
    Total:                 34

rt7M_tl.a: [4]
    cexit.o                10
    cmain.o                30
    cstartup_M.o           28
    data_init.o            40
    vector_table_M.o       66
    zero_init3.o           58
    -------------------------------------------
    Total:                232

shb_l.a: [5]
    exit.o                 20
    -------------------------------------------
    Total:                 20

    Gaps                    4        2
    Linker created                  16    4'096
-----------------------------------------------
    Grand Total:          998       66    4'099


*******************************************************************************
*** ENTRY LIST
***

Entry                       Address  Size  Type      Object
-----                       -------  ----  ----      ------
.iar.init_table$$Base         0x384         --   Gb  - Linker created -
.iar.init_table$$Limit        0x394         --   Gb  - Linker created -
?main                         0x3b5        Code  Gb  cmain.o [4]
CSTACK$$Base            0x2000'0008         --   Gb  - Linker created -
CSTACK$$Limit           0x2000'1008         --   Gb  - Linker created -
FREQ_SYSTICK_TO_WAVE          0x394  0x20  Data  Gb  main.o [1]
InitDac                       0x1d9  0x60  Code  Gb  main.o [1]
InitPiano                      0xb3  0xaa  Code  Gb  main.o [1]
InitSound                      0x41  0x38  Code  Gb  main.o [1]
OutDac                        0x239   0x6  Code  Gb  main.o [1]
PianoIn                       0x15d  0x7c  Code  Gb  main.o [1]
PlaySound                      0x9b   0xc  Code  Gb  main.o [1]
Region$$Table$$Base           0x384         --   Gb  - Linker created -
Region$$Table$$Limit          0x394         --   Gb  - Linker created -
SINE_WAVE                     0x418  0x10  Data  Gb  main.o [1]
StopSound                      0xa7   0xc  Code  Gb  main.o [1]
SysTick_Handler                0x79  0x22  Code  Gb  main.o [1]
__cmain                       0x3b5        Code  Gb  cmain.o [4]
__exit                        0x3e9  0x14  Code  Gb  exit.o [5]
__iar_data_init3              0x339  0x28  Code  Gb  data_init.o [4]
__iar_init_vfp                0x361        Code  Gb  fpinit_M.o [3]
__iar_program_start           0x3fd        Code  Gb  cstartup_M.o [4]
__iar_zero_init3              0x2fd  0x3a  Code  Gb  zero_init3.o [4]
__low_level_init              0x3d3   0x4  Code  Gb  low_level_init.o [2]
__vector_table                  0x0        Data  Gb  vector_table_M.o [4]
_call_main                    0x3c1        Code  Gb  cmain.o [4]
_exit                         0x3dd        Code  Gb  cexit.o [4]
_main                         0x3cb        Code  Gb  cmain.o [4]
exit                          0x3d7   0x4  Code  Gb  exit.o [2]
freq_index              0x2000'0000   0x2  Data  Gb  main.o [1]
index                   0x2000'0002   0x1  Data  Gb  main.o [1]
main                          0x23f  0x2a  Code  Gb  main.o [1]


[1] = E:\IIITDM DOCUMENTS\sem 6\Embedded Systems\Lab\Project\Debug\Obj
[2] = dl7M_tln.a
[3] = m7M_tls.a
[4] = rt7M_tl.a
[5] = shb_l.a

    998 bytes of readonly  code memory
     66 bytes of readonly  data memory
  4'099 bytes of readwrite data memory

Errors: none
Warnings: none
